::1 - - [29/Dec/2025 01:38:22] "GET /index.html HTTP/1.1" 200 -
::1 - - [29/Dec/2025 01:38:39] "GET /index.html HTTP/1.1" 200 -
::1 - - [29/Dec/2025 01:51:18] "GET / HTTP/1.1" 200 -
::1 - - [29/Dec/2025 01:51:18] "GET /assets/index-BcAZSSm9.js HTTP/1.1" 200 -
::1 - - [29/Dec/2025 01:51:18] "GET /assets/modules/shiki-DynnNg0E.js HTTP/1.1" 200 -
::1 - - [29/Dec/2025 01:51:18] "GET /assets/modules/shiki-Do831mNu.css HTTP/1.1" 200 -
::1 - - [29/Dec/2025 01:51:18] "GET /assets/index-DqFqUbyj.css HTTP/1.1" 200 -
::1 - - [29/Dec/2025 01:51:18] "GET /assets/modules/vue-BptOYuGD.js HTTP/1.1" 200 -
::1 - - [29/Dec/2025 01:51:18] "GET /assets/slidev/play-C4OXC6IV.js HTTP/1.1" 200 -
::1 - - [29/Dec/2025 01:51:18] "GET /assets/slidev/SlideWrapper-D55OuJhF.js HTTP/1.1" 200 -
::1 - - [29/Dec/2025 01:51:18] "GET /assets/SlideWrapper-CLnaiA9M.css HTTP/1.1" 200 -
::1 - - [29/Dec/2025 01:51:18] "GET /assets/slidev/shortcuts-CfbuWTno.js HTTP/1.1" 200 -
::1 - - [29/Dec/2025 01:51:18] "GET /assets/slidev/useSlideInfo-DSSeEH3p.js HTTP/1.1" 200 -
::1 - - [29/Dec/2025 01:51:18] "GET /assets/slidev/context-FttFmDFx.js HTTP/1.1" 200 -
::1 - - [29/Dec/2025 01:51:18] "GET /assets/modules/unplugin-icons-CDD6yHeo.js HTTP/1.1" 200 -
::1 - - [29/Dec/2025 01:51:18] "GET /assets/slidev/IconButton.vue_vue_type_script_setup_true_lang-CUKaw12z.js HTTP/1.1" 200 -
::1 - - [29/Dec/2025 01:51:18] "GET /assets/shortcuts--Adx2Pgt.css HTTP/1.1" 200 -
::1 - - [29/Dec/2025 01:51:18] "GET /assets/slidev/Modal.vue_vue_type_script_setup_true_lang-ySJEmSN3.js HTTP/1.1" 200 -
::1 - - [29/Dec/2025 01:51:18] "GET /assets/play-D_7yfuao.css HTTP/1.1" 200 -
::1 - - [29/Dec/2025 01:51:18] "GET /assets/slidev/md-BaS5sTxt.js HTTP/1.1" 200 -
::1 - - [29/Dec/2025 01:51:18] "GET /assets/slidev/md-DvW1jTMt.js HTTP/1.1" 200 -
::1 - - [29/Dec/2025 01:51:18] "GET /assets/slidev/VClicks-eLyisFUQ.js HTTP/1.1" 200 -
::1 - - [29/Dec/2025 01:51:18] "GET /assets/slidev/DrawingLayer-BnYwhnxn.js HTTP/1.1" 200 -
::1 - - [29/Dec/2025 01:51:18] "GET /assets/slidev/DrawingControls-BbkyXUbv.js HTTP/1.1" 200 -
::1 - - [29/Dec/2025 01:51:18] "GET /assets/slidev/DrawingControls.vue_vue_type_style_index_0_lang-9HczJ0UB.js HTTP/1.1" 200 -
::1 - - [29/Dec/2025 01:51:18] "GET /assets/DrawingControls-Cxk9a9ub.css HTTP/1.1" 200 -
::1 - - [29/Dec/2025 01:51:21] "GET /assets/md-Bt1jLFu7.js HTTP/1.1" 200 -
::1 - - [29/Dec/2025 01:51:21] "GET /assets/Mermaid.vue_vue_type_script_setup_true_lang-Dvpq5o17.js HTTP/1.1" 200 -
::1 - - [29/Dec/2025 01:51:21] "GET /assets/modules/file-saver-B7oFTzqn.js HTTP/1.1" 200 -
::1 - - [29/Dec/2025 01:51:21] "GET /assets/md-B-lNrOZa.js HTTP/1.1" 200 -
::1 - - [29/Dec/2025 01:51:21] "GET /assets/slidev/two-cols.vue_vue_type_script_setup_true_lang-BDIKQZpO.js HTTP/1.1" 200 -
::1 - - [29/Dec/2025 01:51:21] "GET /assets/slidev/center-BYM0JTBf.js HTTP/1.1" 200 -
::1 - - [29/Dec/2025 01:51:21] "GET /assets/md-KUyqdgcT.js HTTP/1.1" 200 -
::1 - - [29/Dec/2025 01:51:21] "GET /assets/slidev/CodeBlockWrapper.vue_vue_type_script_setup_true_lang-DGLheJCa.js HTTP/1.1" 200 -
::1 - - [29/Dec/2025 01:51:21] "GET /assets/slidev/default-CMXYdlQQ.js HTTP/1.1" 200 -
::1 - - [29/Dec/2025 01:51:21] "GET /assets/md-BEOC2RNH.js HTTP/1.1" 200 -
::1 - - [29/Dec/2025 01:51:21] "GET /assets/md-BIfoQRol.js HTTP/1.1" 200 -
::1 - - [29/Dec/2025 01:51:21] "GET /assets/slidev/md-D5A01Zj5.js HTTP/1.1" 200 -
::1 - - [29/Dec/2025 01:51:21] "GET /assets/md-B23QaXjC.js HTTP/1.1" 200 -
::1 - - [29/Dec/2025 01:51:21] "GET /assets/md-ByR1_itq.js HTTP/1.1" 200 -
::1 - - [29/Dec/2025 01:51:21] "GET /assets/md-CaRpsCsY.js HTTP/1.1" 200 -
::1 - - [29/Dec/2025 01:51:21] "GET /assets/md-DK8-Z_AC.js HTTP/1.1" 200 -
::1 - - [29/Dec/2025 01:51:21] "GET /assets/md-CW61NERD.js HTTP/1.1" 200 -
::1 - - [29/Dec/2025 01:51:21] "GET /assets/md-CMBYEY6n.js HTTP/1.1" 200 -
::1 - - [29/Dec/2025 01:51:21] "GET /assets/md-BIaDjbCh.js HTTP/1.1" 200 -
::1 - - [29/Dec/2025 01:51:21] "GET /assets/md-DP143qb_.js HTTP/1.1" 200 -
::1 - - [29/Dec/2025 01:51:21] "GET /assets/md-C4lXeQ6S.js HTTP/1.1" 200 -
::1 - - [29/Dec/2025 01:51:21] "GET /assets/md-BueyHlpP.js HTTP/1.1" 200 -
::1 - - [29/Dec/2025 01:51:21] "GET /assets/md-B2ymANE3.js HTTP/1.1" 200 -
::1 - - [29/Dec/2025 01:51:21] "GET /assets/md-DqCunaps.js HTTP/1.1" 200 -
::1 - - [29/Dec/2025 01:51:21] "GET /assets/md-DyjAYy76.js HTTP/1.1" 200 -
::1 - - [29/Dec/2025 01:51:21] "GET /assets/md-Bq8gpC--.js HTTP/1.1" 200 -
::1 - - [29/Dec/2025 01:51:21] "GET /assets/md-CA4AtbIz.js HTTP/1.1" 200 -
::1 - - [29/Dec/2025 01:51:21] "GET /assets/md-DkzvHA6B.js HTTP/1.1" 200 -
::1 - - [29/Dec/2025 01:51:21] "GET /assets/slidev/md-BvXExd3D.js HTTP/1.1" 200 -
::1 - - [29/Dec/2025 01:51:21] "GET /assets/md-CXBKlGuY.css HTTP/1.1" 200 -
::1 - - [29/Dec/2025 01:51:21] "GET /diagrams/system-architecture.png HTTP/1.1" 200 -
::1 - - [29/Dec/2025 01:51:21] "GET /assets/flowDiagram-TD5NMDKU-BCnE4Pha.js HTTP/1.1" 200 -
::1 - - [29/Dec/2025 01:51:21] "GET /assets/chunk-SCLVSU6P-C7WSVrCH.js HTTP/1.1" 200 -
::1 - - [29/Dec/2025 01:51:21] "GET /assets/chunk-WDWNAAEG-HJOGqKmn.js HTTP/1.1" 200 -
::1 - - [29/Dec/2025 01:51:21] "GET /assets/chunk-VH2OSJNQ-BedITAFO.js HTTP/1.1" 200 -
::1 - - [29/Dec/2025 01:51:22] "GET /diagrams/unified-oracle.png HTTP/1.1" 200 -
::1 - - [29/Dec/2025 01:51:22] "GET /diagrams/gas-funding.png HTTP/1.1" 200 -
::1 - - [29/Dec/2025 01:51:22] "GET /diagrams/user-deposit-flow.png HTTP/1.1" 200 -
::1 - - [29/Dec/2025 01:51:22] "GET /diagrams/rsc-state-machine.png HTTP/1.1" 200 -
::1 - - [29/Dec/2025 01:51:22] "GET /assets/dagre-ESHLYXRB-DCjDonko.js HTTP/1.1" 200 -
::1 - - [29/Dec/2025 01:51:22] "GET /assets/chunk-LXPT3ST6-BsZzT8h8.js HTTP/1.1" 200 -
::1 - - [29/Dec/2025 01:51:22] "GET /assets/chunk-4QEEASX4-R-kQ3B0e.js HTTP/1.1" 200 -
::1 - - [29/Dec/2025 01:51:22] "GET /assets/chunk-ZZTYOBSU-0bxSl5kH.js HTTP/1.1" 200 -
::1 - - [29/Dec/2025 01:51:22] "GET /assets/sequenceDiagram-MB3FELIF-yd-H9EK3.js HTTP/1.1" 200 -
::1 - - [29/Dec/2025 01:51:22] "GET /assets/chunk-YJGJQOYZ-0gCyjo4G.js HTTP/1.1" 200 -
::1 - - [29/Dec/2025 01:51:22] "GET /assets/chunk-GG5MOTN4-CqZ1y5zF.js HTTP/1.1" 200 -
::1 - - [29/Dec/2025 01:51:22] "GET /assets/stateDiagram-v2-RQA4U5HQ-0lZUZhAH.js HTTP/1.1" 200 -
::1 - - [29/Dec/2025 01:51:22] "GET /assets/chunk-OFP4IZRJ-CvdZZUs2.js HTTP/1.1" 200 -
::1 - - [29/Dec/2025 02:04:53] "GET /index.html HTTP/1.1" 200 -
::1 - - [29/Dec/2025 02:05:50] code 404, message File not found
::1 - - [29/Dec/2025 02:05:50] "GET /23 HTTP/1.1" 404 -
::1 - - [29/Dec/2025 02:05:51] code 404, message File not found
::1 - - [29/Dec/2025 02:05:51] "GET /favicon.ico HTTP/1.1" 404 -
::1 - - [29/Dec/2025 02:05:57] "GET / HTTP/1.1" 200 -
::1 - - [29/Dec/2025 02:05:57] "GET /assets/index-DLHuAeus.js HTTP/1.1" 200 -
::1 - - [29/Dec/2025 02:05:57] "GET /assets/modules/vue-CExxo5Y-.js HTTP/1.1" 200 -
::1 - - [29/Dec/2025 02:05:57] "GET /assets/modules/shiki-3ci1IloS.js HTTP/1.1" 200 -
::1 - - [29/Dec/2025 02:05:57] "GET /assets/index-CG5u2XnC.css HTTP/1.1" 200 -
::1 - - [29/Dec/2025 02:05:57] "GET /assets/modules/shiki-Do831mNu.css HTTP/1.1" 200 -
::1 - - [29/Dec/2025 02:05:58] "GET /assets/slidev/play-DjrQlDv8.js HTTP/1.1" 200 -
::1 - - [29/Dec/2025 02:05:58] "GET /assets/slidev/SlideWrapper-MsLs6DjI.js HTTP/1.1" 200 -
::1 - - [29/Dec/2025 02:05:58] "GET /assets/slidev/shortcuts-D2UiokFi.js HTTP/1.1" 200 -
::1 - - [29/Dec/2025 02:05:58] "GET /assets/slidev/useSlideInfo-zSCJXGI0.js HTTP/1.1" 200 -
::1 - - [29/Dec/2025 02:05:58] "GET /assets/slidev/context-DduPtEfd.js HTTP/1.1" 200 -
::1 - - [29/Dec/2025 02:05:58] "GET /assets/modules/unplugin-icons-CD7OCihX.js HTTP/1.1" 200 -
::1 - - [29/Dec/2025 02:05:58] "GET /assets/slidev/IconButton.vue_vue_type_script_setup_true_lang-B-JfpvDE.js HTTP/1.1" 200 -
::1 - - [29/Dec/2025 02:05:58] "GET /assets/slidev/Modal.vue_vue_type_script_setup_true_lang-D81tRQp8.js HTTP/1.1" 200 -
::1 - - [29/Dec/2025 02:05:58] "GET /assets/SlideWrapper-CLnaiA9M.css HTTP/1.1" 200 -
::1 - - [29/Dec/2025 02:05:58] "GET /assets/play-D_7yfuao.css HTTP/1.1" 200 -
::1 - - [29/Dec/2025 02:05:58] "GET /assets/shortcuts--Adx2Pgt.css HTTP/1.1" 200 -
::1 - - [29/Dec/2025 02:05:58] "GET /assets/md-Bq_-2K9Y.js HTTP/1.1" 200 -
::1 - - [29/Dec/2025 02:05:58] "GET /assets/eth-ShSSha9n.js HTTP/1.1" 200 -
::1 - - [29/Dec/2025 02:05:58] "GET /assets/md-Bod7zlb1.js HTTP/1.1" 200 -
::1 - - [29/Dec/2025 02:05:58] "GET /assets/slidev/default-BOnfvbKF.js HTTP/1.1" 200 -
::1 - - [29/Dec/2025 02:05:58] "GET /assets/slidev/DrawingLayer-DRnFOvg8.js HTTP/1.1" 200 -
::1 - - [29/Dec/2025 02:05:58] "GET /assets/slidev/DrawingControls-bMCL6zn1.js HTTP/1.1" 200 -
::1 - - [29/Dec/2025 02:05:58] "GET /assets/slidev/DrawingControls.vue_vue_type_style_index_0_lang-CUwUJZ5d.js HTTP/1.1" 200 -
::1 - - [29/Dec/2025 02:05:58] "GET /assets/DrawingControls-Cxk9a9ub.css HTTP/1.1" 200 -
::1 - - [29/Dec/2025 02:05:58] "GET /logos/eth.png HTTP/1.1" 200 -
::1 - - [29/Dec/2025 02:05:58] "GET /logos/lasna-logo.png HTTP/1.1" 200 -
::1 - - [29/Dec/2025 02:06:01] "GET /assets/md-LYII85ba.js HTTP/1.1" 200 -
::1 - - [29/Dec/2025 02:06:01] "GET /assets/slidev/two-cols.vue_vue_type_script_setup_true_lang-BcRJbUYE.js HTTP/1.1" 200 -
::1 - - [29/Dec/2025 02:06:01] "GET /assets/md-5ch8QHGb.js HTTP/1.1" 200 -
::1 - - [29/Dec/2025 02:06:01] "GET /assets/md-q_FJeBY5.js HTTP/1.1" 200 -
::1 - - [29/Dec/2025 02:06:01] "GET /assets/md-DV06b3zE.js HTTP/1.1" 200 -
::1 - - [29/Dec/2025 02:06:01] "GET /assets/md-CRJykzGg.js HTTP/1.1" 200 -
::1 - - [29/Dec/2025 02:06:01] "GET /assets/link-QT001nVV.js HTTP/1.1" 200 -
::1 - - [29/Dec/2025 02:06:01] "GET /assets/md-CbBsY1ua.js HTTP/1.1" 200 -
::1 - - [29/Dec/2025 02:06:01] "GET /assets/md-DBSCB5Ch.js HTTP/1.1" 200 -
::1 - - [29/Dec/2025 02:06:01] "GET /assets/md-Dim6Gkpp.js HTTP/1.1" 200 -
::1 - - [29/Dec/2025 02:06:01] "GET /assets/md-Cm0aaIsJ.js HTTP/1.1" 200 -
::1 - - [29/Dec/2025 02:06:01] "GET /assets/md-C-kEszGZ.js HTTP/1.1" 200 -
::1 - - [29/Dec/2025 02:06:01] "GET /assets/md-_ToeNZb7.js HTTP/1.1" 200 -
::1 - - [29/Dec/2025 02:06:01] "GET /assets/md-ChUdj8Ss.js HTTP/1.1" 200 -
::1 - - [29/Dec/2025 02:06:01] "GET /assets/slidev/md-D7ozNVgv.js HTTP/1.1" 200 -
::1 - - [29/Dec/2025 02:06:01] "GET /screenshots/dashboard.png HTTP/1.1" 200 -
::1 - - [29/Dec/2025 02:06:01] "GET /diagrams/system-architecture.png HTTP/1.1" 200 -
::1 - - [29/Dec/2025 02:06:01] "GET /logos/link.png HTTP/1.1" 200 -
::1 - - [29/Dec/2025 02:06:01] "GET /logos/aave.png HTTP/1.1" 200 -
::1 - - [29/Dec/2025 02:06:01] "GET /logos/eurs.png HTTP/1.1" 200 -
::1 - - [29/Dec/2025 02:06:01] "GET /logos/wbtc.png HTTP/1.1" 200 -
::1 - - [29/Dec/2025 02:06:01] "GET /screenshots/oracle.png HTTP/1.1" 200 -
::1 - - [29/Dec/2025 02:06:01] "GET /diagrams/oracle-bridge-flow.png HTTP/1.1" 200 -
::1 - - [29/Dec/2025 02:06:01] "GET /diagrams/unified-oracle.png HTTP/1.1" 200 -
::1 - - [29/Dec/2025 02:06:01] "GET /screenshots/multiasset.png HTTP/1.1" 200 -
::1 - - [29/Dec/2025 02:06:01] "GET /diagrams/gas-funding.png HTTP/1.1" 200 -
::1 - - [29/Dec/2025 02:06:01] "GET /screenshots/etherscan_vault.png HTTP/1.1" 200 -
::1 - - [29/Dec/2025 02:06:01] "GET /screenshots/lasnascan_rsc.png HTTP/1.1" 200 -
::1 - - [29/Dec/2025 02:06:01] "GET /diagrams/rsc-state-machine.png HTTP/1.1" 200 -
::1 - - [29/Dec/2025 02:07:42] "GET /assets/slidev/presenter-DVwJdeyG.js HTTP/1.1" 200 -
::1 - - [29/Dec/2025 02:07:42] "GET /assets/slidev/NoteDisplay.vue_vue_type_style_index_0_lang-3p45lP78.js HTTP/1.1" 200 -
::1 - - [29/Dec/2025 02:07:42] "GET /assets/slidev/TimerBar.vue_vue_type_script_setup_true_lang-Do538x9z.js HTTP/1.1" 200 -
::1 - - [29/Dec/2025 02:07:42] "GET /assets/NoteDisplay-R4MfDMfa.css HTTP/1.1" 200 -
::1 - - [29/Dec/2025 02:07:42] "GET /assets/presenter-C_fGJIsk.css HTTP/1.1" 200 -
